+ valgrind -s --leak-check=full --trace-children=yes ./farm -n 4 -q 10 -d ./ -t 1
==12634== Memcheck, a memory error detector
==12634== Copyright (C) 2002-2017, and GNU GPL'd, by Julian Seward et al.
==12634== Using Valgrind-3.15.0 and LibVEX; rerun with -h for copyright info
==12634== Command: ./farm -n 4 -q 10 -d ./ -t 1
==12634== 
==12635== Memcheck, a memory error detector
==12635== Copyright (C) 2002-2017, and GNU GPL'd, by Julian Seward et al.
==12635== Using Valgrind-3.15.0 and LibVEX; rerun with -h for copyright info
==12635== Command: ./collector ./tmp/farm2.sck
==12635== 
-9208148239867199832 .//.git/objects/e1/bcf95eca8662ac28d4c3cd4e1296e0396c9d87
-9171632663801156513 .//.git/objects/d3/0f703cda13d379ce7ad415aa3b28d40b9e0300
-9153096984723515499 .//.git/objects/f1/66af91ef90b65504d51131c1e5c7c4674a2454
-9148350179476597029 .//.git/objects/d7/8b7de26214b07dae1131597bd2f584ed670d7c
-9143579462710291871 .//.git/objects/c4/dad5ace4492fd01dd05aaae11c9f2b3f1be367
-9138698800392508749 .//.git/objects/b7/ca1ae1ea5702246fe38ef43ba532c695a9788d
-9057297142074614850 .//src/sumfun.c
-9057265239590361529 .//.git/objects/5f/8178f461b41b162bf6b0dd43c51b44cbc5dc0d
-9031218911626817404 .//.git/objects/a7/685aeaf6479e2dfca22bd0d96dcfe320a173c8
-8969831312852091208 .//.git/objects/3e/c7b324138e71893744e3bc83c39a709f5309be
-8902394693453886788 .//.git/objects/5f/9c2b6f2bd1860433964fafaf956275168af210
-8747648899498012882 .//.git/objects/87/e93c153a58efbd0ad98a441bbaf9108f6f6460
-8724615528381217088 .//.git/hooks/post-update.sample
-8692022826097876570 .//.git/objects/55/78047b3c57ed49e9ce918a0e7202bf8269212b
-8649023933051514305 .//.git/objects/dd/79350a884c7af5222bc41688757d3860d3f4c9
-8424306798458270539 .//src/src_headers/sumfun.h
-8381299117405505189 .//src/src_headers/master.h
-8264189450034900946 .//src/src_headers/myList.h
-8246813516820769097 .//.git/objects/c7/cf2940270f30c1aead055ad7d24cf60b960dad
-8201133858760316135 .//.git/objects/df/2ee41b0255d4e1a562504f577c7af0af34a601
-8200033634046477649 .//src/signal_handlers_master.c
-8189854079458765786 .//.git/objects/48/6e4e9099b52e7a0acc3c0fa23e5eebb2504042
-8030805175539147320 .//.git/objects/be/43827a37d16414e3918a48a9ee96c0940253a8
-7931551659190665045 .//.git/objects/5c/516cea2df6b0d57511f47501e52d4ffecfdb9b
-7911930904136686661 .//.git/objects/be/f53c5dedd48615f4a4abd4b38f34da8c6f438d
-7799985010841652217 .//.git/hooks/prepare-commit-msg.sample
-7729239846953297935 .//src/worker_pool.c
-7706493613077730274 .//TODO.md
-7527264230418910718 .//.git/FETCH_HEAD
-7401704544888320883 .//.git/objects/0c/79ab8cbf6801fa67032445cbaac7eb29f57371
-7350005830612636340 .//.git/objects/dd/6a8160d22e7b259047f3fcd3e0b83b36da6675
-7317839400702327019 .//.git/objects/3d/f45a750179ae4528f44d9b8fb502f872a52861
-7238146888859664880 .//.git/objects/f6/e6ec495f9fa34dcc3881420af7fc163e697b29
-7200966359134387589 .//src/src_headers/signal_utils.h
-7192985088888565219 .//test/test.sh
-7146458795197596943 .//.git/objects/b7/91ffc8eedf893c42d3b7b9299f8b50eab86212
-7071025370199830515 .//.git/hooks/fsmonitor-watchman.sample
-7027433561276292848 .//farm
-6975216480214690020 .//.git/objects/15/16d5a146f2526e41e02f7cd63944e85381c316
-6923689913618568664 .//build/worker_pool.o
-6917047325682521395 .//.git/objects/ec/9fb70be68400ef4775dc974e528ce7393ba670
-6828873459857744111 .//.git/objects/49/fce5dad676ed7426c66c265282116199b5c0c3
-6749715069552291207 .//src/src_headers/collector.h
-6741416661223987162 .//.git/objects/ec/ca70492091ff0b87e7a62c8c9085da77afb96d
-6696332615667733627 .//.git/objects/e0/30cab6ba1cdf208c3e763407054e8faea3679f
-6690595690860990976 .//.git/objects/29/d4a01f8b0dd3f01ce86d8d8f5574f92fced6f4
-6553225948001077377 .//README.md
-6512290876094678469 .//.git/objects/ee/258c7559ab2075024300552728098f512452ab
-6501202567234115191 .//.git/objects/65/ec7ab2baf2307e8bd515509ccfa9553e01876d
-6445225873336926657 .//.git/objects/eb/634be7e751d6e48dbb77e77591cab938f2b2bc
-6336746439601169920 .//.git/objects/7d/9dc4d2de45cb23da2344e6835671d1e194c167
-6303630702552489361 .//.git/objects/9e/cfaa02e79055c901af61842016664ef661f2ac
-6275208151407146795 .//.git/objects/56/766b3bebbd8731f083883673da786e4fcd1d0b
-6205943789617187043 .//.git/objects/c9/56670a7795d56bf73d9cdd99537064cfe932e9
-6181872742141569765 .//.git/objects/15/0bae626f52a96bd40eba29c51c46215b08532d
-6032464076544469402 .//.git/objects/0e/2ac1b8a866baafc2a6f8fdfb390f7442509e05
-5979912074777972942 .//.git/objects/4d/e6a332c29e674d2f43fd26a00dbc809c112450
-5778239351430103483 .//.git/objects/4d/d7efd9f7c5027c24da544c9b2537e9b37f529c
-5607539798199465829 .//.git/objects/cd/83f1ced24d58d4d32ca2dc17009ba50b38db3e
-5429360606670697785 .//Makefile
-5427084319490290437 .//.git/objects/86/df92a244f0202ea3ba73dc288fa08ead7cc922
-5422356971388670958 .//.git/objects/5b/c8e0413efe2ea550fa250ca35b483991c16731
-5306364283106261360 .//.git/objects/1d/15c6d4ed6580e272e561d6da065f47c4b22dd9
-5270627294043068148 .//.git/objects/6f/325ca4da0cda58ec04b078183f52d03fc072d2
-5269211279276646734 .//.git/objects/1d/095c195c696cb055e0bed67c0835ff1534cd30
-5081906467559896462 .//.git/objects/df/c5712239cfd81ed6fa37c21ba0f6092a51194b
-5039440204243656020 .//.git/objects/29/8c8e9c3a29aecef84c06a03fa327f88c0475a2
-4813591247644815215 .//.git/objects/pack/pack-18bf52e28cee378db7d792019bdee110468934bf.pack
-4756846318705345183 .//.git/objects/af/e1e1c6f03008ee309bef3957b351ea70cbcc2f
-4682721438611738630 .//.git/objects/75/442e7f49b85718516fef7c889f791ff03f7300
-4646053194448908921 .//.git/hooks/pre-commit.sample
-4627264109474040553 .//.git/objects/79/e49c3c6ef2da9917cd63d3e8358611b4a0fe3f
-4542348770694019831 .//.vscode/settings.json
-4515338608605033017 .//.git/objects/17/f62517b2304d0fba8dcbc539acff223b74a7aa
-4446999576918480311 .//.git/objects/a8/c50fbc8550da2080a44f46463147b2e2fa29ed
-4411593081428500930 .//.git/objects/93/b6a6a5bed4258401fde83be843584d54b3b842
-4344443498873226133 .//.git/objects/23/eaeff8efa6f0be09f0ed670e6bea42b14af4cd
-4328301301891089338 .//doc/Progetto del corso di Sistemi operativi e Laboratorio presso unipisa.docx
-4273536980883017615 .//.git/objects/01/5e10875d0176db2fda4766f1e6e5cf6d5ef919
-3994087458353553864 .//.git/objects/85/d621b839d75a2d028719e9f69c4b7e97c034df
-3990323457029241123 .//.git/objects/fb/45ef336e758ffd678e8db790394651a89c0f87
-3928619986736245494 .//.git/objects/ef/faca1fd399e03a404bfb9640f3685d5c643f7e
-3864099972343039170 .//.git/objects/b3/8e20fb8c219d7674d64fb7239392d93a022ada
-3845723926408154253 .//.git/objects/56/0550bb65240865953e689b2a9313797d0e4f9e
-3684583579632186382 .//.git/objects/8d/6ea9fba40380c23998d04a3d99c8c2b5f53401
-3648649383173223950 .//.git/objects/1d/91394babbe23f48d39610a29f90c2755cd3605
-3615071366071101685 .//.git/objects/d1/5cd93542d1eb6be25f96fd7d08285d122233ad
-3579634322144230405 .//.git/objects/93/5fe0e145333596d37c3a6adf2d0f08b356e14a
-3573763386327241708 .//.git/objects/ed/d756f9d4fa90f6cb69f5d827bb3f0aa5afda94
-3561976585238619464 .//.git/description
-3545201784846249134 .//.git/objects/f2/9675ca4211a7ea43c92ecd244030c39459aa58
-3495314612327344326 .//.git/objects/1d/684adad08ebbc93b62be1c992b6f6f8af393a8
-3457896908727883353 .//.git/config
-3441254217155551676 .//.git/objects/3d/68b071a739a866c964603131badc7c2bb66271
-3432348311024393921 .//.git/objects/25/48838a34952df3d7301ff57fea87ba5623b04b
-3400202081582295544 .//.git/objects/fb/6d46eddbd2234e20aecc6dd8abc61aba4bdf0b
-3179133768417466014 .//.git/objects/c3/501e380a17c22b26128e0b14eafb33e4a45b18
-3009269847427523592 .//.git/objects/69/34963a38cc54d3d914cd5cc51438f4c3e58378
-2945379336920394875 .//.git/objects/21/fac4fb0a8f7d0803fce2e834bcaad3d8f129ef
-2908112236776060110 .//.git/logs/HEAD
-2902167014503844829 .//.git/objects/5f/3e479b03671b548c7930b6206f43b7f00f688b
-2900005297031549703 .//.git/objects/6f/f871e28c050bbd137e97ca5f10a3b29230774a
-2759412367249602853 .//.git/objects/c7/4b3354d6e36373b0090db3c13d4b7f9016470f
-2632181741813336621 .//.git/hooks/pre-receive.sample
-2607648801220154962 .//.git/objects/99/66f0b0a9c00fb7e46cab5fa74d74379699c089
-2526603826834087681 .//.git/hooks/update.sample
-2506134116251425878 .//.git/objects/24/2fbd15238b015272066e4bc3c7a12222ce4e11
-2343811362068458097 .//.git/objects/81/0c9573aaaa861a3c5d256a1e97a6ea75af04fc
-2315749532275089808 .//.git/objects/b0/735f0a90bcb258119c954e0d16400fddc74957
-2249225586948810188 .//.git/objects/28/ae9077167f577cc50389643e22e978aa69168e
-2237289951959976292 .//.git/objects/16/02954fecad5c695e7bf04f4c2f57df48331a59
-2230771772030778465 .//.git/objects/bc/1a7dd2e54a302ea3bc9787d04d229d21fe8ee4
-2164940120464561305 .//.git/objects/fb/28045b45f01e4c68d95bcb7fcdb097e61fd9d4
-2153151768355363802 .//.git/objects/9b/2101b9bf63945a91594308c70efb5e94f20157
-2059391084231482414 .//.git/objects/39/51cac7beca9e56a6417cd3481893d4d8b61ab9
-2019132480210142291 .//.git/objects/74/05c7e202c8e8495059d3c094df840af5af9d32
-1788598019079407197 .//.git/objects/65/1f2f7b664632253e87f21398a4f33b4fd07f82
-1787250828211563693 .//.git/hooks/pre-applypatch.sample
-1652194083429775329 .//.git/objects/6e/77b6b9c95270ee4a8371501b7d5f3e93265925
-1492464522674471140 .//.git/objects/35/82990592739fb24d945ae6ba5c926581651a7c
-1456148945315911578 .//.git/objects/4e/afa934273ff5767ce52068a3f50a10f75637f0
-1408800934620609636 .//.git/objects/6f/ee70144631e7d48c2320fa3889197a44d9b516
-1386334880040882797 .//.git/objects/9c/f9f43c6e9172f456425ec88815b19bdd26e10c
-1385611474105879263 .//.git/objects/3a/5f803b576dbfc5950fd37e06e2eaccc41cc41d
-1320836702657884584 .//.git/objects/8e/935775742eb94411f9d3ef4d5b3e0c5cfea803
-1263313569960993486 .//.git/objects/5f/a96f14b780b79c1833ce150c83a3f33cfc20ce
-1258809810908701872 .//.git/objects/7c/14bda1ae990136f8cff2816839fc32664c76c2
-1254487734970981439 .//.git/objects/68/cea1c65fe82cfa25c223ec9ca511f70ece75d9
-1198936094979204289 .//.git/objects/d1/94d9b780f1c439fa0aaa96ab2cd6af6ef73af8
-1157170970071899376 .//.git/objects/c9/25631cea59766f363aacf96539d105a5f87734
-1156560251017470781 .//.git/objects/66/e144d8daee07cf47ec7fd25e5a6b67919fdf2a
-1148379031852084706 .//.git/objects/ef/2b198f3b2b5441af3670e7baec24e91671b48c
-1114984609875211776 .//.git/objects/d7/ae8fc7662e85bcd0fb2529195f21d3c4e11205
-1043985056399689095 .//.git/objects/8a/c5382e846819afda065be2b43cb0d797beba68
-1018376408786783955 .//.git/objects/28/476a3709c0661e49d26657effe6fd01a011bcd
-1012432470269408191 .//.git/objects/dd/23557ea494f439645bd0e41922c39d81fbc048
-992520113584796016 .//.git/objects/92/2d23dae47e84d014e96f2381196664f48d60e4
-922049537726141805 .//.git/objects/c4/140ad90cf255f85409a82191551198eb6c9512
-848137934763350986 .//.git/objects/74/e1cb7d40b9357d72b1926364d967129bf66809
-716754529617999164 .//.git/objects/cf/9f27182c79ad9fb9433386d1826b79e960455b
-704660493889119902 .//.git/objects/22/726142e7a65a78cbe76767acd88fc3bf605afb
-632356366853689561 .//.git/objects/db/9549416968cb5a102d6564a219f281f0dcc005
-559850287474136728 .//.git/objects/fe/d0ca5aa7f069dbae8176cf836c9f134abde768
-557918007757276106 .//.git/objects/51/2bba501a93581bea19030bb280017da877d8ac
-494985007838702014 .//test/generafile.c
-472519528897970113 .//.git/objects/6e/f47a37ba9e7ffc21a1605fa46c9cc697735db5
-456978646324748140 .//.git/objects/e0/3b8ea7f6b4fbf2df355a908a6c2c2f39199db6
-441205361173463929 .//.git/objects/ce/42957d9d525023e2c8bda150e9807a736e3200
-401018686339815090 .//.git/objects/31/3bb35f5facfebb18655dd53d6dfa0c8e4bd009
-357890924241933996 .//.git/hooks/applypatch-msg.sample
-340588849702883790 .//.git/objects/69/304b8773266634ee4869f356d60b828b30b598
-323283266703289064 .//.git/objects/50/67e27aee313daf147f96065def081a4b8e7210
-305503818527794123 .//src/src_headers/thread_task.h
-266928282221082396 .//.git/objects/24/c25d50f48423ccf9f940501610af94e1a00f90
-265224446199844966 .//src/src_headers/signal_handlers_master.h
-143787363204605330 .//generafile
-132165490331919391 .//.git/objects/69/dc8606365a759c134ed03b3ca9a7f561dc7ee1
-38568705709911767 .//.git/objects/9e/942bf4cb2d712d2a9810776bc2b08f383e11ef
0 .//build/.gitkeep
0 .//tmp/.gitkeep
0 .//test/.gitkeep
0 .//nworkeratexit.txt
145256481193996386 .//.git/objects/d0/0491fd7e5bb6fa28c517a0bb32b8b506539d4d
145819431147286626 .//.git/objects/0c/fbf08886fca9a91cb753ec8734c84fcbe52c9f
183387510272879335 .//.git/objects/62/663d2efb4a8e61771916f599c4e9822d4602df
210091392687485366 .//.git/objects/02/3ae00dea6d25df56e99b5c0e23b8c20d9d038d
259935112155222103 .//.git/objects/e6/5f71caa82f3044f7c39b8284fc3d95b0e35f90
296903600313246948 .//.git/objects/2f/3825e4e3e31482ec4db731357cd140f25cfefe
333064436281384441 .//.git/objects/82/935f5f7861ae339993f173c2e41198f38939f2
370873327082693208 .//.git/COMMIT_EDITMSG
422911476241458746 .//.git/objects/9c/96194adacd00a9023bb2eeb19a26d28f2b5024
436350540405791035 .//.git/objects/7a/9ca95f270cec0b772ffdcbe90138801bee4326
561952930515969187 .//.git/objects/55/f2c1415b9f952adf3398923c30ec67ccc3c6dc
595195704054108234 .//.git/objects/c9/26b233afd6169ec9631cf4797ae41bfee51579
698826030151291412 .//.git/objects/3b/b544c5cbcb4bdd9141caddd1bf67434f474fcb
732528434349915805 .//collector
740918620455488598 .//.git/objects/29/4fac7f9a8371640e827c847f46d5b49ccc7643
766730344104676733 .//.git/objects/36/3d208c972bda4c5fabc3d4d960cb5c97782210
903326500779239548 .//.git/objects/17/4450a1d2ee8a29a2f4763ea932c4965f7bb1c8
910494735519419584 .//.git/objects/81/422bfb4cc89b27a3346299aba44ff81f01b697
920775943081813513 .//.git/objects/6e/449ac22c2f92340c037e6bf2a4f30286d29d17
995950714034665236 .//.git/objects/9b/a03e05250c56852f333a55d4a1b9604b40d805
1066883547830376236 .//.git/objects/8c/09db0bc86843cb47dc7f54f608517366b0c4dc
1152812943006155604 .//.git/objects/e3/41789ff990b91310fd531f7ec61eee23b7d727
1180684814722100194 .//.git/objects/66/47b186e734a30372ca09f3027f75b4a3713ab6
1210220844117767052 .//.git/objects/f6/555ba37e97af36f46f1bcb5447a9b8da0775d7
1217709361621246360 .//.git/objects/53/e11bdd315500655cbc9089cf871533f74f340f
1362479450972906628 .//.git/objects/55/1dbd7e378108507f8b4f6683d6fc91bb386794
1555658772727609552 .//.git/objects/34/93482fda01bc6fff62c67562fb22cfc120131f
1556686413975534810 .//.git/objects/62/fa0dec9b46c65bdd8865fd18ed0b6917c24704
1608959250767184316 .//.git/objects/56/d9411f3d86cf4c32865793441bf4fed0bd743b
1684204227700473502 .//.git/objects/e5/94231dc891e3cf1c674ee78b8e299585dc482c
1856268149440141554 .//.git/objects/9b/a4112ef6589d9ecf49b9b92c08dc289ae3a139
1873891388333756634 .//.git/objects/ae/6a11e5c4b6e1d5b4af3e3e0d53f178ab69937d
1874398546053115632 .//.git/objects/11/eea241dca55bf60659a97a21f1fcd3cc2e0389
1884834519097903935 .//.git/objects/74/58baa6d3c2f6af63099c9a3b668e7fed278cd2
2025850231381545348 .//.git/objects/b3/3b4bda2c8d89156879ab341f021ac8e73d31a3
2028230854505562547 .//.git/objects/87/e3960fea9cd65ec268c35552580a0981d54551
2151185976411684374 .//.git/objects/ec/403f519edae7756661f99043925ef8d2051646
2155955876107230536 .//.git/objects/a5/d1cb8ba9cb8841d205ff4a84907128b0640688
2200671912655097812 .//.git/objects/6d/7fca92420ff6a9e05020f77bace43271b38c95
2207682667757024813 .//.git/objects/94/23f9ce7ae6f6c8f68ec80219950298f0e9c2d0
2232154424430583668 .//.git/hooks/pre-rebase.sample
2268877586356935615 .//.git/objects/22/a1d35ad0196a7535d6bf8a247faa57c338e434
2370547941058843791 .//.git/objects/d3/ef36a0bfc8d62beaa35b732c2cc8ba094bb7f3
2411424160642403850 .//.git/objects/23/a58a50335733516fcaf0bff3a46ec3dfbcc1bb
2437172287614097284 .//src/src_headers/worker_pool.h
2518839669497581080 .//.git/objects/6c/ff4025c30dabf6ecd0fba45eb74f04329eda51
2555472367925193315 .//.git/objects/8c/b5a0d2ef044eb1687770d20aec54a71c7921af
2592809441016508965 .//.git/objects/dd/e83d63552935129192ada101821893d43bf045
2600393235858761300 .//.git/objects/56/dd8f1193a8523dcd1f6b94b603aa194bdae5f8
2607595329971198188 .//.git/objects/19/b65f513d493d496a7a89330559886d7643eabe
2610134523691587579 .//build/sumfun.o
2650527526965794130 .//.git/objects/3e/2e3889cff4675683c88c3e1082949d4bd42d27
2656488429778700409 .//src/master.c
2737174490457961244 .//.git/objects/02/87c8f190ec52444dd89afd01f42fa7095567db
2829055345062178163 .//src/src_headers/collector_print.h
2938489854059692996 .//.git/objects/f4/648fd4056619064ddff89d9a2dc337631e90dc
3065461363998960268 .//.git/objects/0e/80f50759914b0bd6694e4b5043d0320f909148
3204435262270989317 .//.git/objects/a1/3b83ec06f98f3057474f8abcb8be40abcbd08f
3272669629209302498 .//.git/objects/56/7bf1ab599428d5598296c607c68fff5e05c6a8
3303153478903628858 .//.git/objects/48/86b1b507638bc7cb43b18fe1622fdaf9361910
3369156192751295732 .//.git/objects/pack/pack-18bf52e28cee378db7d792019bdee110468934bf.idx
3389152321204808901 .//.git/objects/ad/d4e91ddcd456c23216b273c0800265a887872c
3419186911580270451 .//.git/HEAD
3422592413311972463 .//.git/objects/2d/e0f7841e3ee577a5e7919934a1404c273edab9
3484130688935760545 .//.git/objects/d8/f63b8586a429573e30ab637119e089526fb479
3539105228328898696 .//.git/objects/cb/b4b96c2d12964aba9e2ce4f0b593f871bdee76
3754789704965664658 .//.git/objects/d3/ac1eceb36891022b7c9f11631da8b4639d9962
3793699975982382306 .//src/collector.c
3867569439717952913 .//.git/objects/c8/6096501387b4d1cb18ce4cc3d72f676759369a
3871157872125329545 .//.git/objects/bc/68705fd60a2216f7b254eeb91525ef50513a20
3914034965583583836 .//.git/objects/94/49aa134710b8683235554f0c330e60574e4464
3916968839501972236 .//.git/objects/84/cfafd93d1e362388eb6e089b46108da9ff2c23
3919571994313912907 .//src/main.c
3959452931300453846 .//.git/objects/af/748cb007f902992b8a8fe674e8330e8e8e6193
4045192193565150395 .//src/collector_print.c
4129058565570581307 .//.git/ORIG_HEAD
4135354496190174027 .//.git/objects/58/d8441861b30fee100bea00fd712c88f57f63b1
4258573911500818442 .//.git/objects/e2/66cd6917d7f57129fecc9ba29fdd267a47268f
4299807041680491995 .//.gitignore
4358647505658925697 .//.git/objects/df/c4c31dbc719f4c9899927ff9c2aa3f1a62fe59
4359056345180123042 .//.git/objects/db/66fd86b932f87450d1b77c1350a19b453a2a99
4524949679463547648 .//.git/objects/f6/80c2aad666c11438f021b2958f10c39addd310
4598025327344880336 .//.git/hooks/pre-merge-commit.sample
4603926758542528435 .//.git/objects/bb/69be6cbcfc8bb73d232105d7e4b7a3e0fb2a94
4706540954055957449 .//src/thread_task.c
4713513932356878024 .//.git/objects/17/6de6f8b0f47ae171ae8d2e3d5df4d05f37c4b3
4715795003489582785 .//.git/objects/62/82e7e064066bdfed9cfc194f170cbda6df6174
4796081309633144556 .//.git/objects/50/a4447c71ac5d5ba7c77f16d362ef14d47ad95e
4817678783929962541 .//.git/objects/dd/83c317e5d6e00cc9d6c41d8deb1c88cc4904ba
4937296650822510997 .//.git/objects/ad/eb9e1978b97705173c0a25e2fde4f03bbf4f6e
4982900613005075654 .//.git/objects/b7/02f9ca5656d3a0dc56b701ae69f6cc026e3fdf
4991688977269702815 .//.git/objects/f6/64cf76ebf54e3cd1ed9905a81c2c31203f2c79
4996858783907390067 .//.git/objects/01/81dc3b753aed5c49530105b98533e1858f7e89
5013276259992860104 .//.git/objects/ee/dd5b1fa871f5f0a098189c97d0de046319ebae
5024542298460192238 .//.git/objects/af/0c3516e4256c93133e9bdafffec7f30088d938
5092201886224897831 .//.git/objects/e2/edadb662b6a1d44186f9f85882b24f45ed3130
5111796970179654890 .//.git/objects/0e/d09486760f9b16bba40b7a290f0d3ac4c7990f
5172243988604832813 .//.git/objects/65/86cde2bcd83ae95b9c080d92cc4f4fdc397ef5
5183407389186470595 .//.git/objects/13/e3eb697deda1f28e5d4bc65c5956a8e5da1c50
5186356747903765670 .//.git/objects/bc/f2f363470f19a7d44acc4727cccacf473ce63d
5187118124029730998 .//.git/objects/a6/a2b14e656a9f778722a8158b6ddb87fa24f74f
5234163280402726690 .//log/test_log.txt
5241708933186929640 .//.git/objects/cc/e8ce6139f7806924a9ff8fac57e9c71ecdecb4
5310671394589364551 .//.git/objects/e9/02f8aea8ff567740c49401efc9043c90e3c7fa
5357150334985689098 .//.git/objects/3a/4e184b64249809a05376d13493215bfbc04477
5445542091410709129 .//.git/objects/1a/d51ec5fc7b3049ff501cb7474911832830ef06
5479347609255477231 .//build/collector_print.o
5608437108338088673 .//.git/objects/29/caf6a44c825538e6a117904de1e1983ce9326f
5625048646066002296 .//.git/packed-refs
5701019535762128075 .//.git/objects/fe/7a6c1f5c0e9c2eac2a03cab306dbfa065e1812
5709412207402572586 .//.git/objects/8e/f5185f77ab5616994dee78e2f533f443fe1aa7
5712718898356121675 .//.git/objects/bd/e40bb1066cb643738cfc255d6f279df7930e2b
6055516038739970309 .//.git/objects/7c/7f256bbd55e7c40e6aa059c51c51d23cf33d72
6096413970696001406 .//.git/objects/a8/daa581ac2c4bece50b12e9d86e092ca84d7963
6118977622637354339 .//.git/objects/40/781edcd185dfd1c11d22e3bd0ab3d56484a3dd
6133827302809077314 .//.git/objects/01/6ad4673b2bdd142396dc84d52ac8d87b3cecf9
6178199729767536913 .//.git/objects/3f/c84ea9be2e38bb1c8bc2b3f55c79d04cf77d5c
6188043064423109480 .//.git/objects/23/c1f1d65b06649c910517ee99d21bb1fef408ff
6258420142163518899 .//.git/objects/26/428490d243f8ce496672fa709ce8313f92f7a8
6324933734507888246 .//build/myList.o
6411046054259590034 .//.git/objects/33/554cbf53afebf3157739758ce39977f3c4f267
6452880238723245945 .//.git/objects/db/ab96a0633fcf40d151614723b4af2b87029e1e
6472488440261481703 .//.git/objects/23/27f2382f7b923305e19f31bf5b8ba51d216a63
6533364083902933349 .//build/signal_handlers_master.o
6568689593327070975 .//.git/objects/b1/07a876a6d0e5a3b8948a8f78d52a128758ed63
6627767558001894624 .//.git/objects/eb/89550e24311304f73ae70a0dc1a0b2a28df802
6680997342549747923 .//.git/objects/cd/9652a7e41a8a4712123dab44e35f9aa4787397
6704245122860850203 .//.git/objects/b7/f892347c1fba037f05e83c9d0659bfdb3df22b
6801764765825680686 .//build/thread_task.o
6878583884289742569 .//.git/objects/2e/a0174ca32110d061daf4e675ca836bfef67cff
6976407391142523415 .//.git/objects/3e/07f4777c79f948fe6e3d2517a6e7a93cf48200
7057725229408696946 .//test/generafile.o
7135928614294125591 .//src/src_headers/utils.h
7141914750968051502 .//.git/objects/a8/77f8b4c0d6d09c29d38c32e1f49ab4eb31bf38
7191545347165114094 .//.git/objects/8b/c3dbc04c95419253687563713fcfc41083b4a7
7336348274180025454 .//build/collector.o
7415910695545176528 .//.git/objects/90/cfdb82b8a4589ea67d987644237d464dcb1eb6
7458926638308028616 .//.git/objects/4b/37aad05de8ae7d1465a0e6d4bc765b544057f7
7553599458942743430 .//doc/ProgettoSOL_23-24.pdf
7573780845886873773 .//build/master.o
7605524999457581967 .//.git/objects/f9/241417567ce776256e9341ddb74c4b2e445ad8
7657740958391604582 .//.git/objects/69/d5cd8a2da8839ea83c6b2714d25d141bd388f3
7692990432929743718 .//.git/objects/a1/5fe8ae327f213ed9e7368d3282e4abd07d5840
7711370694271587004 .//.git/objects/ec/30bbe8852ae386b600d627dee7ca7b0dfc6828
7770295013799770248 .//.git/objects/8a/5acfc5e7f2c9c872e55147516552975b8149fd
7883768965546411655 .//build/signal_utils.o
7908780597739954001 .//.git/objects/ef/5d8c065882495b36d9b61fe533a8d71fdf249d
7916254295076065228 .//.git/objects/cc/6124d54e0d7c689351635a490cc0393947f9f0
7999962438451793925 .//.git/objects/e1/970a1fe1e5cbc5bacd549abc2fea15d1273bb0
8031583208690168387 .//.git/objects/fe/4dfc5dd72bbe703d9f6df042db247c0910e79c
8124270821616946046 .//.git/objects/53/ad8fb8fe70e43cca1be29c6164656abfaa6e78
8145351311710411848 .//.git/index
8190711007182117761 .//.git/objects/70/8d7d2d54731057e7fff8f7b6a2b80419646f7b
8391604244238602366 .//src/myList.c
8397374949138317670 .//.git/objects/ae/44ae7f3aae66d96201a21b35fb197fe36ba57c
8401718538612810945 .//.git/objects/b1/d95529713f6e5acbae72a85699c51576aedfdf
8408280934560095081 .//build/main.o
8541030546539542835 .//.git/hooks/commit-msg.sample
8701850779953100545 .//.git/objects/65/e012ebef1666e8a87a5a9de8bd0a86831f9566
8763503756752019017 .//.git/objects/f0/35e378a0dbf2280898f000c9d1205a9984ae4b
8890309513422695959 .//.git/objects/7a/6bdd1c22c0f8808af54c6f6d02cb3eb3a7f9a3
8894024121880717486 .//doc/Progetto del corso di Sistemi operativi e Laboratorio presso unipisa.pdf
8965020912741601863 .//src/signal_utils.c
9002176573541462403 .//.git/info/exclude
9049937952052626857 .//.git/hooks/pre-push.sample
9135389120270911749 .//.git/objects/62/bf25ecd37efc5794e596d9a0d68fa389855b7c
9137199622311010720 .//.git/objects/1a/3cda5a1b380929af9c90a33527a1e53cddd813
9152499949364001544 .//.git/objects/0b/1018ea8218b2ab894fa717a6a86b8aa8bb25bd
9202656601744176368 .//.git/objects/56/27c818c06579eeec58e9c4ec2d8affddd0a13b
-9208148239867199832 .//.git/objects/e1/bcf95eca8662ac28d4c3cd4e1296e0396c9d87
-9205487405890381695 .//.git/objects/91/3816c0de81b07adaffbb1606fa0609c9d63078
-9191090246938233080 .//.git/objects/54/1c3854cf17214299026a432e6bef8414a12bf8
-9189931778309935145 .//.git/objects/57/c3da696fd98b7586212a4e550d15330999607e
-9171632663801156513 .//.git/objects/d3/0f703cda13d379ce7ad415aa3b28d40b9e0300
-9153096984723515499 .//.git/objects/f1/66af91ef90b65504d51131c1e5c7c4674a2454
-9148350179476597029 .//.git/objects/d7/8b7de26214b07dae1131597bd2f584ed670d7c
-9143579462710291871 .//.git/objects/c4/dad5ace4492fd01dd05aaae11c9f2b3f1be367
-9138698800392508749 .//.git/objects/b7/ca1ae1ea5702246fe38ef43ba532c695a9788d
-9057297142074614850 .//src/sumfun.c
-9057265239590361529 .//.git/objects/5f/8178f461b41b162bf6b0dd43c51b44cbc5dc0d
-9031218911626817404 .//.git/objects/a7/685aeaf6479e2dfca22bd0d96dcfe320a173c8
-8969831312852091208 .//.git/objects/3e/c7b324138e71893744e3bc83c39a709f5309be
-8902394693453886788 .//.git/objects/5f/9c2b6f2bd1860433964fafaf956275168af210
-8747648899498012882 .//.git/objects/87/e93c153a58efbd0ad98a441bbaf9108f6f6460
-8724615528381217088 .//.git/hooks/post-update.sample
-8699210348031790537 .//.git/objects/b2/3e1d8f50035c3da8ead077bdff4adecd3acfdc
-8692022826097876570 .//.git/objects/55/78047b3c57ed49e9ce918a0e7202bf8269212b
-8649023933051514305 .//.git/objects/dd/79350a884c7af5222bc41688757d3860d3f4c9
-8424306798458270539 .//src/src_headers/sumfun.h
-8381299117405505189 .//src/src_headers/master.h
-8363731394431124839 .//.git/objects/77/689dc6f2adfe966c135fd8b11f27ba96d61192
-8264189450034900946 .//src/src_headers/myList.h
-8246813516820769097 .//.git/objects/c7/cf2940270f30c1aead055ad7d24cf60b960dad
-8223373650676751204 .//.git/objects/41/3df7aaff02ec45db8b1a29ef906e916aec1273
-8201133858760316135 .//.git/objects/df/2ee41b0255d4e1a562504f577c7af0af34a601
-8200033634046477649 .//src/signal_handlers_master.c
-8189854079458765786 .//.git/objects/48/6e4e9099b52e7a0acc3c0fa23e5eebb2504042
-8030805175539147320 .//.git/objects/be/43827a37d16414e3918a48a9ee96c0940253a8
-7931551659190665045 .//.git/objects/5c/516cea2df6b0d57511f47501e52d4ffecfdb9b
-7911930904136686661 .//.git/objects/be/f53c5dedd48615f4a4abd4b38f34da8c6f438d
-7799985010841652217 .//.git/hooks/prepare-commit-msg.sample
-7778014236255248585 .//.git/objects/aa/055dc2e56b0775f73ecfe43b19119026f40afc
-7729239846953297935 .//src/worker_pool.c
-7706493613077730274 .//TODO.md
-7654627562183986611 .//.git/objects/42/ec1440a14648a416cf65d6af55605be29583e0
-7645255310011293619 .//.git/logs/refs/remotes/origin/HEAD
-7527264230418910718 .//.git/FETCH_HEAD
-7442331681367477719 .//.git/objects/00/c01a449fe6320f97a279879b788f24ee61f888
-7401704544888320883 .//.git/objects/0c/79ab8cbf6801fa67032445cbaac7eb29f57371
-7350005830612636340 .//.git/objects/dd/6a8160d22e7b259047f3fcd3e0b83b36da6675
-7317839400702327019 .//.git/objects/3d/f45a750179ae4528f44d9b8fb502f872a52861
-7248454797195431193 .//.git/objects/0d/1846c5dcbd247b3bd2dd46877ab9da8745086d
-7238146888859664880 .//.git/objects/f6/e6ec495f9fa34dcc3881420af7fc163e697b29
-7200966359134387589 .//src/src_headers/signal_utils.h
-7192985088888565219 .//test/test.sh
-7146458795197596943 .//.git/objects/b7/91ffc8eedf893c42d3b7b9299f8b50eab86212
-7144544934796856453 .//.git/objects/07/6a47961a7420c302a504b6e09e9229721dba4c
-7071025370199830515 .//.git/hooks/fsmonitor-watchman.sample
-7027433561276292848 .//farm
-6975216480214690020 .//.git/objects/15/16d5a146f2526e41e02f7cd63944e85381c316
-6923689913618568664 .//build/worker_pool.o
-6917047325682521395 .//.git/objects/ec/9fb70be68400ef4775dc974e528ce7393ba670
-6851444970920624725 .//.git/objects/ea/54b84fe59ea151e9b4a85dda9d95a6c7f961f5
-6828873459857744111 .//.git/objects/49/fce5dad676ed7426c66c265282116199b5c0c3
-6815821431940953278 .//.git/objects/46/c77b1df09624e432a05c5c4e8b8c2a8887bf49
-6749715069552291207 .//src/src_headers/collector.h
-6741416661223987162 .//.git/objects/ec/ca70492091ff0b87e7a62c8c9085da77afb96d
-6705688938854284781 .//.git/objects/73/123e29f9c0a687344b826c34837063b491d33b
-6696332615667733627 .//.git/objects/e0/30cab6ba1cdf208c3e763407054e8faea3679f
-6690595690860990976 .//.git/objects/29/d4a01f8b0dd3f01ce86d8d8f5574f92fced6f4
-6686907534297562765 .//.git/objects/88/7e867a040af0a2b0fc830c3c1981ed95899a07
-6553225948001077377 .//README.md
-6512290876094678469 .//.git/objects/ee/258c7559ab2075024300552728098f512452ab
-6501202567234115191 .//.git/objects/65/ec7ab2baf2307e8bd515509ccfa9553e01876d
-6445225873336926657 .//.git/objects/eb/634be7e751d6e48dbb77e77591cab938f2b2bc
-6336746439601169920 .//.git/objects/7d/9dc4d2de45cb23da2344e6835671d1e194c167
-6303630702552489361 .//.git/objects/9e/cfaa02e79055c901af61842016664ef661f2ac
-6275208151407146795 .//.git/objects/56/766b3bebbd8731f083883673da786e4fcd1d0b
-6205943789617187043 .//.git/objects/c9/56670a7795d56bf73d9cdd99537064cfe932e9
-6181872742141569765 .//.git/objects/15/0bae626f52a96bd40eba29c51c46215b08532d
-6032464076544469402 .//.git/objects/0e/2ac1b8a866baafc2a6f8fdfb390f7442509e05
-5979912074777972942 .//.git/objects/4d/e6a332c29e674d2f43fd26a00dbc809c112450
-5778239351430103483 .//.git/objects/4d/d7efd9f7c5027c24da544c9b2537e9b37f529c
-5777563324092459722 .//.git/objects/7f/60039f03dd3668a18ed2b12685d849062f73c6
-5684400360166226153 .//.git/objects/b5/40a4a0997927b5f7d7a0cf2ed2533c17daf6cf
-5607539798199465829 .//.git/objects/cd/83f1ced24d58d4d32ca2dc17009ba50b38db3e
-5531532578094495173 .//.git/objects/57/022460807ed0f426448cd279343003d258846f
-5429360606670697785 .//Makefile
-5427084319490290437 .//.git/objects/86/df92a244f0202ea3ba73dc288fa08ead7cc922
-5422356971388670958 .//.git/objects/5b/c8e0413efe2ea550fa250ca35b483991c16731
-5306364283106261360 .//.git/objects/1d/15c6d4ed6580e272e561d6da065f47c4b22dd9
-5270627294043068148 .//.git/objects/6f/325ca4da0cda58ec04b078183f52d03fc072d2
-5269211279276646734 .//.git/objects/1d/095c195c696cb055e0bed67c0835ff1534cd30
-5081906467559896462 .//.git/objects/df/c5712239cfd81ed6fa37c21ba0f6092a51194b
-5039440204243656020 .//.git/objects/29/8c8e9c3a29aecef84c06a03fa327f88c0475a2
-4813591247644815215 .//.git/objects/pack/pack-18bf52e28cee378db7d792019bdee110468934bf.pack
-4756846318705345183 .//.git/objects/af/e1e1c6f03008ee309bef3957b351ea70cbcc2f
-4682721438611738630 .//.git/objects/75/442e7f49b85718516fef7c889f791ff03f7300
-4666931511565590765 .//.git/objects/97/c36e134c29c69f0ac7d56e7be623a658edfbd6
-4646053194448908921 .//.git/hooks/pre-commit.sample
-4627264109474040553 .//.git/objects/79/e49c3c6ef2da9917cd63d3e8358611b4a0fe3f
-4542348770694019831 .//.vscode/settings.json
-4515338608605033017 .//.git/objects/17/f62517b2304d0fba8dcbc539acff223b74a7aa
-4453142896518011437 .//.git/objects/97/9882c62893d12f6ffdb2afa915ff25aa7d3f2e
-4446999576918480311 .//.git/objects/a8/c50fbc8550da2080a44f46463147b2e2fa29ed
-4411593081428500930 .//.git/objects/93/b6a6a5bed4258401fde83be843584d54b3b842
-4344443498873226133 .//.git/objects/23/eaeff8efa6f0be09f0ed670e6bea42b14af4cd
-4328301301891089338 .//doc/Progetto del corso di Sistemi operativi e Laboratorio presso unipisa.docx
-4273536980883017615 .//.git/objects/01/5e10875d0176db2fda4766f1e6e5cf6d5ef919
-3994087458353553864 .//.git/objects/85/d621b839d75a2d028719e9f69c4b7e97c034df
-3990323457029241123 .//.git/objects/fb/45ef336e758ffd678e8db790394651a89c0f87
-3928619986736245494 .//.git/objects/ef/faca1fd399e03a404bfb9640f3685d5c643f7e
-3901307769948520976 .//.git/objects/91/947d91ca7b2e832b0dcfd8ae272d923c0b2487
-3864099972343039170 .//.git/objects/b3/8e20fb8c219d7674d64fb7239392d93a022ada
-3845723926408154253 .//.git/objects/56/0550bb65240865953e689b2a9313797d0e4f9e
-3684583579632186382 .//.git/objects/8d/6ea9fba40380c23998d04a3d99c8c2b5f53401
-3648649383173223950 .//.git/objects/1d/91394babbe23f48d39610a29f90c2755cd3605
-3615071366071101685 .//.git/objects/d1/5cd93542d1eb6be25f96fd7d08285d122233ad
-3579634322144230405 .//.git/objects/93/5fe0e145333596d37c3a6adf2d0f08b356e14a
-3573763386327241708 .//.git/objects/ed/d756f9d4fa90f6cb69f5d827bb3f0aa5afda94
-3561976585238619464 .//.git/description
-3545201784846249134 .//.git/objects/f2/9675ca4211a7ea43c92ecd244030c39459aa58
-3495314612327344326 .//.git/objects/1d/684adad08ebbc93b62be1c992b6f6f8af393a8
-3457896908727883353 .//.git/config
-3441254217155551676 .//.git/objects/3d/68b071a739a866c964603131badc7c2bb66271
-3432348311024393921 .//.git/objects/25/48838a34952df3d7301ff57fea87ba5623b04b
-3400202081582295544 .//.git/objects/fb/6d46eddbd2234e20aecc6dd8abc61aba4bdf0b
-3361295541880847491 .//.git/objects/0f/d1d9480528320ab8c144234b3c77dce8e50f46
-3290825954756417305 .//.git/objects/0f/434cc8b4f45dc2edbb051c20982b06a63f4570
-3253499887544472172 .//.git/objects/a0/8bfcc93af64bfda03d1f871fd112df4fcdec67
-3216137807269732983 .//.git/objects/b5/911bda6fc80042163aa2ecb46ab4340b16e13b
-3179133768417466014 .//.git/objects/c3/501e380a17c22b26128e0b14eafb33e4a45b18
-3009269847427523592 .//.git/objects/69/34963a38cc54d3d914cd5cc51438f4c3e58378
-2945379336920394875 .//.git/objects/21/fac4fb0a8f7d0803fce2e834bcaad3d8f129ef
-2908112236776060110 .//.git/logs/refs/heads/main
-2908112236776060110 .//.git/logs/HEAD
-2902167014503844829 .//.git/objects/5f/3e479b03671b548c7930b6206f43b7f00f688b
-2900005297031549703 .//.git/objects/6f/f871e28c050bbd137e97ca5f10a3b29230774a
-2830477741708539616 .//.git/objects/c1/1b2213b60e79e444497b18ff0a06c36955264c
-2759412367249602853 .//.git/objects/c7/4b3354d6e36373b0090db3c13d4b7f9016470f
-2693231825746890862 .//.git/objects/38/5f294647297d4987b24f66ea1aebb895a7bfd5
-2677550780273483090 .//.git/objects/ac/2dad59ec4b819b58df6c2119473175ba59281f
-2632181741813336621 .//.git/hooks/pre-receive.sample
-2607648801220154962 .//.git/objects/99/66f0b0a9c00fb7e46cab5fa74d74379699c089
-2526603826834087681 .//.git/hooks/update.sample
-2506134116251425878 .//.git/objects/24/2fbd15238b015272066e4bc3c7a12222ce4e11
-2343811362068458097 .//.git/objects/81/0c9573aaaa861a3c5d256a1e97a6ea75af04fc
-2315749532275089808 .//.git/objects/b0/735f0a90bcb258119c954e0d16400fddc74957
-2249225586948810188 .//.git/objects/28/ae9077167f577cc50389643e22e978aa69168e
-2237289951959976292 .//.git/objects/16/02954fecad5c695e7bf04f4c2f57df48331a59
-2230771772030778465 .//.git/objects/bc/1a7dd2e54a302ea3bc9787d04d229d21fe8ee4
-2164940120464561305 .//.git/objects/fb/28045b45f01e4c68d95bcb7fcdb097e61fd9d4
-2153151768355363802 .//.git/objects/9b/2101b9bf63945a91594308c70efb5e94f20157
-2086846892537282253 .//.git/objects/03/75118e5adda181b9fda1c2681444c600419d6e
-2059391084231482414 .//.git/objects/39/51cac7beca9e56a6417cd3481893d4d8b61ab9
-2019132480210142291 .//.git/objects/74/05c7e202c8e8495059d3c094df840af5af9d32
-1960401636940275020 .//.git/objects/b2/4932e049b6ba1d6a27a56b3b499dcec9605677
-1788598019079407197 .//.git/objects/65/1f2f7b664632253e87f21398a4f33b4fd07f82
-1787250828211563693 .//.git/hooks/pre-applypatch.sample
-1652194083429775329 .//.git/objects/6e/77b6b9c95270ee4a8371501b7d5f3e93265925
-1635377583385669877 .//.git/objects/2a/8b71fd5b970b024b3dbc0ca0092a9a2dda40bf
-1492464522674471140 .//.git/objects/35/82990592739fb24d945ae6ba5c926581651a7c
-1487885131796901825 .//.git/objects/95/e157124c63e852295b936335a14ac6ee128fce
-1456148945315911578 .//.git/objects/4e/afa934273ff5767ce52068a3f50a10f75637f0
-1408800934620609636 .//.git/objects/6f/ee70144631e7d48c2320fa3889197a44d9b516
-1386334880040882797 .//.git/objects/9c/f9f43c6e9172f456425ec88815b19bdd26e10c
-1385611474105879263 .//.git/objects/3a/5f803b576dbfc5950fd37e06e2eaccc41cc41d
-1374167677220300998 .//.git/objects/80/8a9b81a601fd056726ea6856b19cb378e282ac
-1320836702657884584 .//.git/objects/8e/935775742eb94411f9d3ef4d5b3e0c5cfea803
-1263313569960993486 .//.git/objects/5f/a96f14b780b79c1833ce150c83a3f33cfc20ce
-1258809810908701872 .//.git/objects/7c/14bda1ae990136f8cff2816839fc32664c76c2
-1254487734970981439 .//.git/objects/68/cea1c65fe82cfa25c223ec9ca511f70ece75d9
-1198936094979204289 .//.git/objects/d1/94d9b780f1c439fa0aaa96ab2cd6af6ef73af8
-1157170970071899376 .//.git/objects/c9/25631cea59766f363aacf96539d105a5f87734
-1156560251017470781 .//.git/objects/66/e144d8daee07cf47ec7fd25e5a6b67919fdf2a
-1148379031852084706 .//.git/objects/ef/2b198f3b2b5441af3670e7baec24e91671b48c
-1114984609875211776 .//.git/objects/d7/ae8fc7662e85bcd0fb2529195f21d3c4e11205
-1043985056399689095 .//.git/objects/8a/c5382e846819afda065be2b43cb0d797beba68
-1018376408786783955 .//.git/objects/28/476a3709c0661e49d26657effe6fd01a011bcd
-1012432470269408191 .//.git/objects/dd/23557ea494f439645bd0e41922c39d81fbc048
-992520113584796016 .//.git/objects/92/2d23dae47e84d014e96f2381196664f48d60e4
-922972348999010922 .//.git/objects/96/7857ddbb4df5e02b8a8cccda222584d99c83eb
-922049537726141805 .//.git/objects/c4/140ad90cf255f85409a82191551198eb6c9512
-848137934763350986 .//.git/objects/74/e1cb7d40b9357d72b1926364d967129bf66809
-716754529617999164 .//.git/objects/cf/9f27182c79ad9fb9433386d1826b79e960455b
-704660493889119902 .//.git/objects/22/726142e7a65a78cbe76767acd88fc3bf605afb
-687584684127574117 .//.git/objects/0f/304a5d10c914b167786eb1f3b56c3a085c72b3
-632356366853689561 .//.git/objects/db/9549416968cb5a102d6564a219f281f0dcc005
-559850287474136728 .//.git/objects/fe/d0ca5aa7f069dbae8176cf836c9f134abde768
-557918007757276106 .//.git/objects/51/2bba501a93581bea19030bb280017da877d8ac
-494985007838702014 .//test/generafile.c
-472519528897970113 .//.git/objects/6e/f47a37ba9e7ffc21a1605fa46c9cc697735db5
-456978646324748140 .//.git/objects/e0/3b8ea7f6b4fbf2df355a908a6c2c2f39199db6
-441205361173463929 .//.git/objects/ce/42957d9d525023e2c8bda150e9807a736e3200
-401018686339815090 .//.git/objects/31/3bb35f5facfebb18655dd53d6dfa0c8e4bd009
-357890924241933996 .//.git/hooks/applypatch-msg.sample
-340588849702883790 .//.git/objects/69/304b8773266634ee4869f356d60b828b30b598
-323283266703289064 .//.git/objects/50/67e27aee313daf147f96065def081a4b8e7210
-305503818527794123 .//src/src_headers/thread_task.h
-266928282221082396 .//.git/objects/24/c25d50f48423ccf9f940501610af94e1a00f90
-265224446199844966 .//src/src_headers/signal_handlers_master.h
-143787363204605330 .//generafile
-132165490331919391 .//.git/objects/69/dc8606365a759c134ed03b3ca9a7f561dc7ee1
-87125971392032694 .//.git/objects/a4/abd39a1a51d32046b852b1d27cd9d5a0dd75c6
-38568705709911767 .//.git/objects/9e/942bf4cb2d712d2a9810776bc2b08f383e11ef
0 .//nworkeratexit.txt
0 .//test/.gitkeep
0 .//tmp/.gitkeep
0 .//build/.gitkeep
10670623148824620 .//.git/objects/71/25db8981740e6ed253589d93724ef4b82e4d00
145256481193996386 .//.git/objects/d0/0491fd7e5bb6fa28c517a0bb32b8b506539d4d
145819431147286626 .//.git/objects/0c/fbf08886fca9a91cb753ec8734c84fcbe52c9f
146945331054063714 .//.git/objects/b8/626c4cff2849624fb67f87cd0ad72b163671ad
183387510272879335 .//.git/objects/62/663d2efb4a8e61771916f599c4e9822d4602df
210091392687485366 .//.git/objects/02/3ae00dea6d25df56e99b5c0e23b8c20d9d038d
259935112155222103 .//.git/objects/e6/5f71caa82f3044f7c39b8284fc3d95b0e35f90
296903600313246948 .//.git/objects/2f/3825e4e3e31482ec4db731357cd140f25cfefe
325632955511957411 .//.git/objects/9a/7f11240d61308aa218a4aac54186df3e52ca16
333064436281384441 .//.git/objects/82/935f5f7861ae339993f173c2e41198f38939f2
370873327082693208 .//.git/COMMIT_EDITMSG
422911476241458746 .//.git/objects/9c/96194adacd00a9023bb2eeb19a26d28f2b5024
436350540405791035 .//.git/objects/7a/9ca95f270cec0b772ffdcbe90138801bee4326
456735600527150542 .//.git/objects/52/fe9fc892b4c83c52efb0556100cbf7ea82daad
554828308705125151 .//.git/objects/52/bfd1ba11013d54780cef78ab077e85e3a00d0e
561952930515969187 .//.git/objects/55/f2c1415b9f952adf3398923c30ec67ccc3c6dc
586064093369262901 .//.git/refs/remotes/origin/main
586064093369262901 .//.git/refs/heads/main
595195704054108234 .//.git/objects/c9/26b233afd6169ec9631cf4797ae41bfee51579
598047396198919078 .//.git/objects/10/516ef2c242e0355f7815ab295dc4c8a03a942e
658687640320925341 .//.git/objects/43/d7c4759a6b6329a7a8afbaee9a49ca79fecac1
698826030151291412 .//.git/objects/3b/b544c5cbcb4bdd9141caddd1bf67434f474fcb
705525700500459912 .//.git/objects/32/d76c37b619a04234e4205606e2084651c8f8c1
732528434349915805 .//collector
740918620455488598 .//.git/objects/29/4fac7f9a8371640e827c847f46d5b49ccc7643
766730344104676733 .//.git/objects/36/3d208c972bda4c5fabc3d4d960cb5c97782210
842216827147120160 .//.git/objects/a0/adf64bcc78cf7ecb52bfb6adbc860f1d14a490
903326500779239548 .//.git/objects/17/4450a1d2ee8a29a2f4763ea932c4965f7bb1c8
910494735519419584 .//.git/objects/81/422bfb4cc89b27a3346299aba44ff81f01b697
920775943081813513 .//.git/objects/6e/449ac22c2f92340c037e6bf2a4f30286d29d17
995950714034665236 .//.git/objects/9b/a03e05250c56852f333a55d4a1b9604b40d805
1063605062737153156 .//.git/objects/0b/33ce4593ade0fb84c064d75e74c03b880ef354
1066883547830376236 .//.git/objects/8c/09db0bc86843cb47dc7f54f608517366b0c4dc
1142276933038280664 .//.git/objects/2a/bc6c12ce6a0fc19ff89456617b22b9bb57b3d2
1152812943006155604 .//.git/objects/e3/41789ff990b91310fd531f7ec61eee23b7d727
1180684814722100194 .//.git/objects/66/47b186e734a30372ca09f3027f75b4a3713ab6
1210220844117767052 .//.git/objects/f6/555ba37e97af36f46f1bcb5447a9b8da0775d7
1217709361621246360 .//.git/objects/53/e11bdd315500655cbc9089cf871533f74f340f
1362479450972906628 .//.git/objects/55/1dbd7e378108507f8b4f6683d6fc91bb386794
1462469083795791295 .//.git/objects/95/01d85ca71a9785c63af3d48a09c41d9936c7e5
1555658772727609552 .//.git/objects/34/93482fda01bc6fff62c67562fb22cfc120131f
1556686413975534810 .//.git/objects/62/fa0dec9b46c65bdd8865fd18ed0b6917c24704
1608959250767184316 .//.git/objects/56/d9411f3d86cf4c32865793441bf4fed0bd743b
1610196555656100727 .//.git/objects/12/2d1dcbdff372a2aadca8c2619a5f6677beaeee
1684204227700473502 .//.git/objects/e5/94231dc891e3cf1c674ee78b8e299585dc482c
1856268149440141554 .//.git/objects/9b/a4112ef6589d9ecf49b9b92c08dc289ae3a139
1856768597804955879 .//.git/objects/9a/ce7519440d2ec3b9d68a98f4d70f82e38f736d
1873891388333756634 .//.git/objects/ae/6a11e5c4b6e1d5b4af3e3e0d53f178ab69937d
1874398546053115632 .//.git/objects/11/eea241dca55bf60659a97a21f1fcd3cc2e0389
1884834519097903935 .//.git/objects/74/58baa6d3c2f6af63099c9a3b668e7fed278cd2
1996162775874754457 .//.git/objects/b2/21925d91a3024c716c5a8ee43be0c259214fda
2025850231381545348 .//.git/objects/b3/3b4bda2c8d89156879ab341f021ac8e73d31a3
2028230854505562547 .//.git/objects/87/e3960fea9cd65ec268c35552580a0981d54551
2133920913804563549 .//.git/objects/46/ce0f1801d64949d60f65dc2b08e8c8c96edad6
2151185976411684374 .//.git/objects/ec/403f519edae7756661f99043925ef8d2051646
2155955876107230536 .//.git/objects/a5/d1cb8ba9cb8841d205ff4a84907128b0640688
2186114579169730194 .//.git/objects/5e/050c0b9068c44d3baa40ba4aa330d8322a7218
2200671912655097812 .//.git/objects/6d/7fca92420ff6a9e05020f77bace43271b38c95
2207682667757024813 .//.git/objects/94/23f9ce7ae6f6c8f68ec80219950298f0e9c2d0
2232154424430583668 .//.git/hooks/pre-rebase.sample
2268877586356935615 .//.git/objects/22/a1d35ad0196a7535d6bf8a247faa57c338e434
2324844447183132223 .//.git/objects/73/25b146f647ded073793fb5a4aca138f690b4a3
2339817553209421645 .//.git/objects/97/a8be523a63f612314a725f621aafc6c8bb0f38
2370547941058843791 .//.git/objects/d3/ef36a0bfc8d62beaa35b732c2cc8ba094bb7f3
2374935524205003952 .//.git/objects/b4/05d7b09e1cce8b9941ba40a2707179bc52d68e
2411424160642403850 .//.git/objects/23/a58a50335733516fcaf0bff3a46ec3dfbcc1bb
2437172287614097284 .//src/src_headers/worker_pool.h
2518839669497581080 .//.git/objects/6c/ff4025c30dabf6ecd0fba45eb74f04329eda51
2555472367925193315 .//.git/objects/8c/b5a0d2ef044eb1687770d20aec54a71c7921af
2592809441016508965 .//.git/objects/dd/e83d63552935129192ada101821893d43bf045
2600393235858761300 .//.git/objects/56/dd8f1193a8523dcd1f6b94b603aa194bdae5f8
2607595329971198188 .//.git/objects/19/b65f513d493d496a7a89330559886d7643eabe
2610134523691587579 .//build/sumfun.o
2625174487838834523 .//.git/objects/5a/64a860a69ddb9c00ceeca3626309ef7e4f1708
2650527526965794130 .//.git/objects/3e/2e3889cff4675683c88c3e1082949d4bd42d27
2656488429778700409 .//src/master.c
2737174490457961244 .//.git/objects/02/87c8f190ec52444dd89afd01f42fa7095567db
2829055345062178163 .//src/src_headers/collector_print.h
2938489854059692996 .//.git/objects/f4/648fd4056619064ddff89d9a2dc337631e90dc
3065461363998960268 .//.git/objects/0e/80f50759914b0bd6694e4b5043d0320f909148
3204435262270989317 .//.git/objects/a1/3b83ec06f98f3057474f8abcb8be40abcbd08f
3272669629209302498 .//.git/objects/56/7bf1ab599428d5598296c607c68fff5e05c6a8
3303153478903628858 .//.git/objects/48/86b1b507638bc7cb43b18fe1622fdaf9361910
3316064024710216373 .//.git/objects/aa/4951c6718a6a035f98206039d57eceb84d5741
3333687079141309612 .//.git/objects/9a/04bc29b7ea34e9c62061412ca1e78702614c1a
3369156192751295732 .//.git/objects/pack/pack-18bf52e28cee378db7d792019bdee110468934bf.idx
3389152321204808901 .//.git/objects/ad/d4e91ddcd456c23216b273c0800265a887872c
3419186911580270451 .//.git/HEAD
3422592413311972463 .//.git/objects/2d/e0f7841e3ee577a5e7919934a1404c273edab9
3484130688935760545 .//.git/objects/d8/f63b8586a429573e30ab637119e089526fb479
3539105228328898696 .//.git/objects/cb/b4b96c2d12964aba9e2ce4f0b593f871bdee76
3595602000997757983 .//.git/objects/12/84a6b94454b23f3f5d963b5b9cdb1e775f67c6
3611132780499046004 .//.git/objects/95/6b10896578dc66deaa16311b8abfe2327e2350
3754789704965664658 .//.git/objects/d3/ac1eceb36891022b7c9f11631da8b4639d9962
3765545173807102434 .//.git/objects/b5/89bd0b21c86a4e64efe1182f0dc6a3424ffcb7
3793699975982382306 .//src/collector.c
3867569439717952913 .//.git/objects/c8/6096501387b4d1cb18ce4cc3d72f676759369a
3871157872125329545 .//.git/objects/bc/68705fd60a2216f7b254eeb91525ef50513a20
3879600253570377138 .//.git/objects/57/ed4d34fbf94ebd02085929312d60c837f6c4f5
3914034965583583836 .//.git/objects/94/49aa134710b8683235554f0c330e60574e4464
3916968839501972236 .//.git/objects/84/cfafd93d1e362388eb6e089b46108da9ff2c23
3919571994313912907 .//src/main.c
3959452931300453846 .//.git/objects/af/748cb007f902992b8a8fe674e8330e8e8e6193
4045192193565150395 .//src/collector_print.c
4129058565570581307 .//.git/ORIG_HEAD
4135354496190174027 .//.git/objects/58/d8441861b30fee100bea00fd712c88f57f63b1
4258573911500818442 .//.git/objects/e2/66cd6917d7f57129fecc9ba29fdd267a47268f
4299807041680491995 .//.gitignore
4326717309990543118 .//.git/objects/46/70399a13cee107ac4cda3ca15140f72d51c54c
4358647505658925697 .//.git/objects/df/c4c31dbc719f4c9899927ff9c2aa3f1a62fe59
4359056345180123042 .//.git/objects/db/66fd86b932f87450d1b77c1350a19b453a2a99
4468653946846903867 .//.git/objects/6a/e1b6e4893f5c2a22869c9c2cf7da4fa4f21140
4524949679463547648 .//.git/objects/f6/80c2aad666c11438f021b2958f10c39addd310
4598025327344880336 .//.git/hooks/pre-merge-commit.sample
4603926758542528435 .//.git/objects/bb/69be6cbcfc8bb73d232105d7e4b7a3e0fb2a94
4606076607767592276 .//.git/objects/9d/ae208502e9d5fd972833d397d538eb5333a868
4706540954055957449 .//src/thread_task.c
4713513932356878024 .//.git/objects/17/6de6f8b0f47ae171ae8d2e3d5df4d05f37c4b3
4715795003489582785 .//.git/objects/62/82e7e064066bdfed9cfc194f170cbda6df6174
4775854375695322713 .//.git/refs/remotes/origin/HEAD
4796081309633144556 .//.git/objects/50/a4447c71ac5d5ba7c77f16d362ef14d47ad95e
4817678783929962541 .//.git/objects/dd/83c317e5d6e00cc9d6c41d8deb1c88cc4904ba
4937296650822510997 .//.git/objects/ad/eb9e1978b97705173c0a25e2fde4f03bbf4f6e
4982900613005075654 .//.git/objects/b7/02f9ca5656d3a0dc56b701ae69f6cc026e3fdf
4991688977269702815 .//.git/objects/f6/64cf76ebf54e3cd1ed9905a81c2c31203f2c79
4996858783907390067 .//.git/objects/01/81dc3b753aed5c49530105b98533e1858f7e89
5013276259992860104 .//.git/objects/ee/dd5b1fa871f5f0a098189c97d0de046319ebae
5024542298460192238 .//.git/objects/af/0c3516e4256c93133e9bdafffec7f30088d938
5092201886224897831 .//.git/objects/e2/edadb662b6a1d44186f9f85882b24f45ed3130
5111796970179654890 .//.git/objects/0e/d09486760f9b16bba40b7a290f0d3ac4c7990f
5143060908425545387 .//.git/objects/a4/d4a28debbd7a043309ce7ad64c526f3ed6bdc1
5172243988604832813 .//.git/objects/65/86cde2bcd83ae95b9c080d92cc4f4fdc397ef5
5183407389186470595 .//.git/objects/13/e3eb697deda1f28e5d4bc65c5956a8e5da1c50
5186356747903765670 .//.git/objects/bc/f2f363470f19a7d44acc4727cccacf473ce63d
5187118124029730998 .//.git/objects/a6/a2b14e656a9f778722a8158b6ddb87fa24f74f
5234163280402726690 .//log/test_log.txt
5241708933186929640 .//.git/objects/cc/e8ce6139f7806924a9ff8fac57e9c71ecdecb4
5310671394589364551 .//.git/objects/e9/02f8aea8ff567740c49401efc9043c90e3c7fa
5357150334985689098 .//.git/objects/3a/4e184b64249809a05376d13493215bfbc04477
5380568682244306698 .//.git/objects/aa/fd8537b96c473f4227553dbc79f3d7de906853
5445542091410709129 .//.git/objects/1a/d51ec5fc7b3049ff501cb7474911832830ef06
5479347609255477231 .//build/collector_print.o
5482165492999191789 .//.git/objects/6b/d0ca50404c7af9e9d14088c0394d0080022153
5608437108338088673 .//.git/objects/29/caf6a44c825538e6a117904de1e1983ce9326f
5625048646066002296 .//.git/packed-refs
5701019535762128075 .//.git/objects/fe/7a6c1f5c0e9c2eac2a03cab306dbfa065e1812
5709412207402572586 .//.git/objects/8e/f5185f77ab5616994dee78e2f533f443fe1aa7
5712718898356121675 .//.git/objects/bd/e40bb1066cb643738cfc255d6f279df7930e2b
5750733112463789644 .//.git/objects/b4/2becaf3db5569a9f8c974ede262fcd94683993
5786058576017130108 .//.git/objects/91/7fa6c0c0fe02553d820ca0edd4744b45f27c6d
6038040332474799312 .//.git/logs/refs/remotes/origin/main
6055516038739970309 .//.git/objects/7c/7f256bbd55e7c40e6aa059c51c51d23cf33d72
6091310557429117651 .//.git/objects/0a/5a92c3341245dd1a46291f2d65170fbc096848
6096413970696001406 .//.git/objects/a8/daa581ac2c4bece50b12e9d86e092ca84d7963
6118977622637354339 .//.git/objects/40/781edcd185dfd1c11d22e3bd0ab3d56484a3dd
6133827302809077314 .//.git/objects/01/6ad4673b2bdd142396dc84d52ac8d87b3cecf9
6178199729767536913 .//.git/objects/3f/c84ea9be2e38bb1c8bc2b3f55c79d04cf77d5c
6188043064423109480 .//.git/objects/23/c1f1d65b06649c910517ee99d21bb1fef408ff
6197782600687763075 .//.git/objects/03/2f17f17dc41d2c573b37816b7679973cc471ed
6258420142163518899 .//.git/objects/26/428490d243f8ce496672fa709ce8313f92f7a8
6259338427690953562 .//.git/objects/52/fc9f9ed7a03e9019da9110bd68e3c976630571
6324933734507888246 .//build/myList.o
6411046054259590034 .//.git/objects/33/554cbf53afebf3157739758ce39977f3c4f267
6452880238723245945 .//.git/objects/db/ab96a0633fcf40d151614723b4af2b87029e1e
6472488440261481703 .//.git/objects/23/27f2382f7b923305e19f31bf5b8ba51d216a63
6533364083902933349 .//build/signal_handlers_master.o
6568689593327070975 .//.git/objects/b1/07a876a6d0e5a3b8948a8f78d52a128758ed63
6627767558001894624 .//.git/objects/eb/89550e24311304f73ae70a0dc1a0b2a28df802
6647067850910054689 .//.git/objects/c6/786e83ef33fd37d829d9846c15ebc1d9618be4
6680997342549747923 .//.git/objects/cd/9652a7e41a8a4712123dab44e35f9aa4787397
6704245122860850203 .//.git/objects/b7/f892347c1fba037f05e83c9d0659bfdb3df22b
6801764765825680686 .//build/thread_task.o
6832233169938100091 .//.git/objects/83/01e2e221a7b8788f9a052d0366f6603fcd27f3
6871787786288994822 .//.git/objects/f8/3ec4d75ee1030461b22b04fd9c3d21066e9fba
6878583884289742569 .//.git/objects/2e/a0174ca32110d061daf4e675ca836bfef67cff
6976407391142523415 .//.git/objects/3e/07f4777c79f948fe6e3d2517a6e7a93cf48200
7057725229408696946 .//test/generafile.o
7135928614294125591 .//src/src_headers/utils.h
7141914750968051502 .//.git/objects/a8/77f8b4c0d6d09c29d38c32e1f49ab4eb31bf38
7191545347165114094 .//.git/objects/8b/c3dbc04c95419253687563713fcfc41083b4a7
7228255209441317844 .//.git/objects/bf/8bea868487092c9c4c05ff688d87634a1c949e
7336348274180025454 .//build/collector.o
7415910695545176528 .//.git/objects/90/cfdb82b8a4589ea67d987644237d464dcb1eb6
7419573960390761403 .//.git/objects/a0/e2f9d19ceb72897a66285f0d9676f374bb652b
7458926638308028616 .//.git/objects/4b/37aad05de8ae7d1465a0e6d4bc765b544057f7
7551086898438078579 .//.git/objects/b8/da96d86a7fbbe07fa036071cbcc1c07c07696b
7553599458942743430 .//doc/ProgettoSOL_23-24.pdf
7573780845886873773 .//build/master.o
7605524999457581967 .//.git/objects/f9/241417567ce776256e9341ddb74c4b2e445ad8
7646528145102156342 .//.git/objects/fc/b661fa91ca850d61064b03e1dad057f0e75521
7657740958391604582 .//.git/objects/69/d5cd8a2da8839ea83c6b2714d25d141bd388f3
7692990432929743718 .//.git/objects/a1/5fe8ae327f213ed9e7368d3282e4abd07d5840
7695965345044435037 .//.git/objects/fa/875049389750e7cf434fcd5d4a0673dab2834c
7711370694271587004 .//.git/objects/ec/30bbe8852ae386b600d627dee7ca7b0dfc6828
7770295013799770248 .//.git/objects/8a/5acfc5e7f2c9c872e55147516552975b8149fd
7883768965546411655 .//build/signal_utils.o
7908780597739954001 .//.git/objects/ef/5d8c065882495b36d9b61fe533a8d71fdf249d
7915829779094822251 .//.git/objects/44/2491082987ae66ee3ef753f3c720fb7d1a5b0a
7916254295076065228 .//.git/objects/cc/6124d54e0d7c689351635a490cc0393947f9f0
7999962438451793925 .//.git/objects/e1/970a1fe1e5cbc5bacd549abc2fea15d1273bb0
8031583208690168387 .//.git/objects/fe/4dfc5dd72bbe703d9f6df042db247c0910e79c
8124270821616946046 .//.git/objects/53/ad8fb8fe70e43cca1be29c6164656abfaa6e78
8145351311710411848 .//.git/index
8190711007182117761 .//.git/objects/70/8d7d2d54731057e7fff8f7b6a2b80419646f7b
8290761330705146896 .//.git/objects/80/dc4c94785d00330a6f320764ceeaea216ef909
8391604244238602366 .//src/myList.c
8397374949138317670 .//.git/objects/ae/44ae7f3aae66d96201a21b35fb197fe36ba57c
8401718538612810945 .//.git/objects/b1/d95529713f6e5acbae72a85699c51576aedfdf
8408280934560095081 .//build/main.o
8541030546539542835 .//.git/hooks/commit-msg.sample
8701850779953100545 .//.git/objects/65/e012ebef1666e8a87a5a9de8bd0a86831f9566
8763503756752019017 .//.git/objects/f0/35e378a0dbf2280898f000c9d1205a9984ae4b
8787041572656108978 .//.git/objects/ab/da8a1bc559f52c1a0eab82b1c65fb46cd52fe2
8890309513422695959 .//.git/objects/7a/6bdd1c22c0f8808af54c6f6d02cb3eb3a7f9a3
8894024121880717486 .//doc/Progetto del corso di Sistemi operativi e Laboratorio presso unipisa.pdf
8920586349155326099 .//.git/objects/e7/aec819804f2fcf24388cefa32dbcbee6bc55de
8965020912741601863 .//src/signal_utils.c
9002176573541462403 .//.git/info/exclude
9049937952052626857 .//.git/hooks/pre-push.sample
9095894524884194009 .//.git/objects/5e/393999e65be36c7722cbfc3974fedd5bdddc1e
9135389120270911749 .//.git/objects/62/bf25ecd37efc5794e596d9a0d68fa389855b7c
9137199622311010720 .//.git/objects/1a/3cda5a1b380929af9c90a33527a1e53cddd813
9152499949364001544 .//.git/objects/0b/1018ea8218b2ab894fa717a6a86b8aa8bb25bd
9202656601744176368 .//.git/objects/56/27c818c06579eeec58e9c4ec2d8affddd0a13b
9215411927787054151 .//.git/objects/ac/44f70b1e7e63a1adf43b615240495f916b8bd7
==12323== 
==12323== HEAP SUMMARY:
==12323==     in use at exit: 0 bytes in 0 blocks
==12323==   total heap usage: 853 allocs, 853 frees, 128,374 bytes allocated
==12323== 
==12323== All heap blocks were freed -- no leaks are possible
==12323== 
==12323== ERROR SUMMARY: 0 errors from 0 contexts (suppressed: 0 from 0)
==12320== 
==12320== HEAP SUMMARY:
==12320==     in use at exit: 0 bytes in 0 blocks
==12320==   total heap usage: 2,329 allocs, 2,329 frees, 9,157,728 bytes allocated
==12320== 
==12320== All heap blocks were freed -- no leaks are possible
==12320== 
==12320== ERROR SUMMARY: 0 errors from 0 contexts (suppressed: 0 from 0)